<html>
<body>
<pre>
<h1>µVision Build Log</h1>
<h2>Tool Versions:</h2>
IDE-Version: µVision V5.36.0.0
Copyright (C) 2021 ARM Ltd and ARM Germany GmbH. All rights reserved.
License Information: Yunus Emre ERGUL, ---, LIC=2K1BF-6V1DN-0E8Z0-P2BUC-RM735-GM9TJ
 
Tool Versions:
Toolchain:       MDK-ARM Cortex-M0/M0+ for ST  Version: 5.36.0.0
Toolchain Path:  C:\Keil_v5\ARM\ARMCC\Bin
C Compiler:      Armcc.exe V5.06 update 7 (build 960)
Assembler:       Armasm.exe V5.06 update 7 (build 960)
Linker/Locator:  ArmLink.exe V5.06 update 7 (build 960)
Library Manager: ArmAr.exe V5.06 update 7 (build 960)
Hex Converter:   FromElf.exe V5.06 update 7 (build 960)
CPU DLL:         SARMCM3.DLL V5.36.0.0
Dialog DLL:      DARMCM1.DLL V1.19.4.0
Target DLL:      STLink\ST-LINKIII-KEIL_SWO.dll V3.0.9.0
Dialog DLL:      TARMCM1.DLL V1.14.4.0
 
<h2>Project:</h2>
C:\Users\ACER_PC\Desktop\UART_Com\STM32L0538-DISCO_Uart_7\STML053C8T6_Project\MDK-ARM\STML053C8T6_Project.uvprojx
Project File Date:  03/14/2022

<h2>Output:</h2>
*** Using Compiler 'V5.06 update 7 (build 960)', folder: 'C:\Keil_v5\ARM\ARMCC\Bin'
Build target 'STML053C8T6_Project'
assembling startup_stm32l053xx.s...
compiling stm32l0xx_hal_iwdg.c...
compiling stm32l0xx_hal_msp.c...
compiling iwdg.c...
compiling gpio.c...
compiling stm32l0xx_it.c...
compiling main.c...
compiling usart.c...
compiling stm32l0xx_hal_i2c_ex.c...
compiling stm32l0xx_hal.c...
compiling stm32l0xx_hal_flash_ramfunc.c...
compiling stm32l0xx_hal_flash.c...
compiling stm32l0xx_hal_rcc.c...
compiling stm32l0xx_hal_rcc_ex.c...
compiling stm32l0xx_hal_i2c.c...
compiling stm32l0xx_hal_pwr_ex.c...
compiling stm32l0xx_hal_flash_ex.c...
compiling stm32l0xx_hal_cortex.c...
compiling stm32l0xx_hal_gpio.c...
compiling stm32l0xx_hal_pwr.c...
compiling stm32l0xx_hal_dma.c...
compiling stm32l0xx_hal_exti.c...
compiling system_stm32l0xx.c...
compiling stm32l0xx_hal_tim.c...
compiling UartCom.c...
..\UartCom\UartCom.c(69): warning:  #550-D: variable "tempDataLength"  was set but never used
  			uint8_t tempDataLength;
..\UartCom\UartCom.c(70): warning:  #550-D: variable "tempCheckSum"  was set but never used
  			uint8_t tempCheckSum;
..\UartCom\UartCom.c(182): warning:  #1-D: last line of file ends without a newline
  /** UartCom_Functions >*/
..\UartCom\UartCom.c: 3 warnings, 0 errors
compiling stm32l0xx_hal_uart_ex.c...
compiling stm32l0xx_hal_tim_ex.c...
compiling stm32l0xx_hal_uart.c...
linking...
Program Size: Code=8528 RO-data=260 RW-data=36 ZI-data=1972  
FromELF: creating hex file...
"STML053C8T6_Project\STML053C8T6_Project.axf" - 0 Error(s), 3 Warning(s).

<h2>Software Packages used:</h2>

Package Vendor: ARM
                http://www.keil.com/pack/ARM.CMSIS.5.8.0.pack
                ARM.CMSIS.5.8.0
                CMSIS (Common Microcontroller Software Interface Standard)
   * Component: CORE Version: 5.5.0

Package Vendor: Keil
                http://www.keil.com/pack/Keil.STM32L0xx_DFP.2.2.0.pack
                Keil.STM32L0xx_DFP.2.2.0
                STMicroelectronics STM32L0 Series Device Support, Drivers and Examples

<h2>Collection of Component include folders:</h2>
  .\RTE\_STML053C8T6_Project
  C:\Users\ACER_PC\AppData\Local\Arm\Packs\ARM\CMSIS\5.8.0\CMSIS\Core\Include
  C:\Users\ACER_PC\AppData\Local\Arm\Packs\Keil\STM32L0xx_DFP\2.2.0\Drivers\CMSIS\Device\ST\STM32L0xx\Include

<h2>Collection of Component Files used:</h2>

   * Component: ARM::CMSIS:CORE:5.5.0
Build Time Elapsed:  00:00:08
</pre>
</body>
</html>
